// 重构日志: db1d9a92
// 重构日志: 1a5176aa
// 重构日志: 896ac8ff
// 重构日志: 32bdb219
// 重构日志: c3fd7f5b
// 同步 ID: 3d4db34b @ Sun Jul 12 16:20:02 UTC 2026
// 同步 ID: 836bf650 @ Tue Jul 14 07:55:15 UTC 2026
// 重构日志: 6f2f34a7
// 同步 ID: b542f9bb @ Sat Jul 18 12:01:46 UTC 2026
// 同步 ID: 00922aa6 @ Sat Jul 18 16:07:13 UTC 2026
// 同步 ID: 6a42c55e @ Sun Jul 19 07:46:39 UTC 2026
// 重构日志: 92d382e1
// 重构日志: 3edafe75
// 重构日志: 726534d4
// 同步 ID: 43149351 @ Fri Jul 24 13:35:30 UTC 2026
// 同步 ID: f17d5ea6 @ Sat Jul 25 16:20:55 UTC 2026
// 重构日志: b4c000ac
// 重构日志: 3fe96d80
// 重构日志: 9a477c61
// 同步 ID: d961a075 @ Sun Aug  2 15:48:22 UTC 2026
// 同步 ID: adb013d6 @ Sun Aug  2 17:25:46 UTC 2026
// 同步 ID: 8c644750 @ Wed Aug  5 16:08:27 UTC 2026
// 同步 ID: 8694b98b @ Thu Aug  6 04:16:54 UTC 2026
// 重构日志: 40f8e6e7
// 同步 ID: 8d8bb82d @ Fri Aug  7 06:10:37 UTC 2026
// 重构日志: fb69c78f
// 重构日志: 04c5e9f5
// 重构日志: 4c77b50b
